Archive member included to satisfy reference by file (symbol)

/home/sylam/.platformio/packages/toolchain-atmelavr/bin/../lib/gcc/avr/7.3.0/avrxmega3/short-calls/libgcc.a(_copy_data.o)
                              flash.o (__do_copy_data)
/home/sylam/.platformio/packages/toolchain-atmelavr/bin/../lib/gcc/avr/7.3.0/avrxmega3/short-calls/libgcc.a(_clear_bss.o)
                              os.o (__do_clear_bss)

Memory Configuration

Name             Origin             Length             Attributes
text             0x0000000000000000 0x0000000000100000 xr
data             0x0000000000802000 0x000000000000ffa0 rw !x
eeprom           0x0000000000810000 0x0000000000010000 rw !x
fuse             0x0000000000820000 0x0000000000000400 rw !x
lock             0x0000000000830000 0x0000000000000400 rw !x
signature        0x0000000000840000 0x0000000000000400 rw !x
user_signatures  0x0000000000850000 0x0000000000000400 rw !x
*default*        0x0000000000000000 0xffffffffffffffff

Linker script and memory map

Address of section .data set to 0x803f00
LOAD os.o
LOAD main.o
LOAD flash.o
START GROUP
LOAD /home/sylam/.platformio/packages/toolchain-atmelavr/bin/../lib/gcc/avr/7.3.0/avrxmega3/short-calls/libgcc.a
LOAD /home/sylam/.platformio/packages/toolchain-atmelavr/bin/../lib/gcc/avr/7.3.0/../../../../avr/lib/avrxmega3/short-calls/libm.a
LOAD /home/sylam/.platformio/packages/toolchain-atmelavr/bin/../lib/gcc/avr/7.3.0/../../../../avr/lib/avrxmega3/short-calls/libc.a
LOAD /home/sylam/.platformio/packages/toolchain-atmelavr/bin/../lib/gcc/avr/7.3.0/../../../../avr/lib/avrxmega3/short-calls/libattiny414.a
END GROUP
                0x0000000000100000                __TEXT_REGION_LENGTH__ = DEFINED (__TEXT_REGION_LENGTH__)?__TEXT_REGION_LENGTH__:0x100000
                0x000000000000ffa0                __DATA_REGION_LENGTH__ = DEFINED (__DATA_REGION_LENGTH__)?__DATA_REGION_LENGTH__:0xffa0
                0x0000000000010000                __EEPROM_REGION_LENGTH__ = DEFINED (__EEPROM_REGION_LENGTH__)?__EEPROM_REGION_LENGTH__:0x10000
                0x0000000000000400                __FUSE_REGION_LENGTH__ = DEFINED (__FUSE_REGION_LENGTH__)?__FUSE_REGION_LENGTH__:0x400
                0x0000000000000400                __LOCK_REGION_LENGTH__ = DEFINED (__LOCK_REGION_LENGTH__)?__LOCK_REGION_LENGTH__:0x400
                0x0000000000000400                __SIGNATURE_REGION_LENGTH__ = DEFINED (__SIGNATURE_REGION_LENGTH__)?__SIGNATURE_REGION_LENGTH__:0x400
                0x0000000000000400                __USER_SIGNATURE_REGION_LENGTH__ = DEFINED (__USER_SIGNATURE_REGION_LENGTH__)?__USER_SIGNATURE_REGION_LENGTH__:0x400
                0x0000000000008000                __RODATA_PM_OFFSET__ = DEFINED (__RODATA_PM_OFFSET__)?__RODATA_PM_OFFSET__:0x8000
                0x0000000000802000                __DATA_REGION_ORIGIN__ = DEFINED (__DATA_REGION_ORIGIN__)?__DATA_REGION_ORIGIN__:0x802000

.hash
 *(.hash)

.dynsym
 *(.dynsym)

.dynstr
 *(.dynstr)

.gnu.version
 *(.gnu.version)

.gnu.version_d
 *(.gnu.version_d)

.gnu.version_r
 *(.gnu.version_r)

.rel.init
 *(.rel.init)

.rela.init
 *(.rela.init)

.rel.text
 *(.rel.text)
 *(.rel.text.*)
 *(.rel.gnu.linkonce.t*)

.rela.text
 *(.rela.text)
 *(.rela.text.*)
 *(.rela.gnu.linkonce.t*)

.rel.fini
 *(.rel.fini)

.rela.fini
 *(.rela.fini)

.rel.rodata
 *(.rel.rodata)
 *(.rel.rodata.*)
 *(.rel.gnu.linkonce.r*)

.rela.rodata
 *(.rela.rodata)
 *(.rela.rodata.*)
 *(.rela.gnu.linkonce.r*)

.rel.data
 *(.rel.data)
 *(.rel.data.*)
 *(.rel.gnu.linkonce.d*)

.rela.data
 *(.rela.data)
 *(.rela.data.*)
 *(.rela.gnu.linkonce.d*)

.rel.ctors
 *(.rel.ctors)

.rela.ctors
 *(.rela.ctors)

.rel.dtors
 *(.rel.dtors)

.rela.dtors
 *(.rela.dtors)

.rel.got
 *(.rel.got)

.rela.got
 *(.rela.got)

.rel.bss
 *(.rel.bss)

.rela.bss
 *(.rela.bss)

.rel.plt
 *(.rel.plt)

.rela.plt
 *(.rela.plt)

.text           0x0000000000000000      0x1e4
 *(.vectors)
 *(.vectors)
 *(.progmem.gcc*)
                0x0000000000000000                . = ALIGN (0x2)
                0x0000000000000000                __trampolines_start = .
 *(.trampolines)
 .trampolines   0x0000000000000000        0x0 linker stubs
 *(.trampolines*)
                0x0000000000000000                __trampolines_end = .
 *libprintf_flt.a:*(.progmem.data)
 *libc.a:*(.progmem.data)
 *(.progmem*)
                0x0000000000000000                . = ALIGN (0x2)
 *(.jumptables)
 *(.jumptables*)
 *(.lowtext)
 *(.lowtext*)
                0x0000000000000000                __ctors_start = .
 *(.ctors)
 .ctors         0x0000000000000000        0x2 main.o
                0x0000000000000000                boot
                0x0000000000000002                __ctors_end = .
                0x0000000000000002                __dtors_start = .
 *(.dtors)
                0x0000000000000002                __dtors_end = .
 SORT(*)(.ctors)
 SORT(*)(.dtors)
 *(.init0)
 *(.init0)
 *(.init1)
 *(.init1)
 *(.init2)
 *(.init2)
 *(.init3)
 *(.init3)
 *(.init4)
 .init4         0x0000000000000002       0x16 /home/sylam/.platformio/packages/toolchain-atmelavr/bin/../lib/gcc/avr/7.3.0/avrxmega3/short-calls/libgcc.a(_copy_data.o)
                0x0000000000000002                __do_copy_data
 .init4         0x0000000000000018       0x10 /home/sylam/.platformio/packages/toolchain-atmelavr/bin/../lib/gcc/avr/7.3.0/avrxmega3/short-calls/libgcc.a(_clear_bss.o)
                0x0000000000000018                __do_clear_bss
 *(.init4)
 *(.init5)
 *(.init5)
 *(.init6)
 *(.init6)
 *(.init7)
 *(.init7)
 *(.init8)
 *(.init8)
 *(.init9)
 .init9         0x0000000000000028       0x44 main.o
                0x0000000000000028                main
 *(.init9)
 *(.text)
 .text          0x000000000000006c       0xc4 os.o
                0x0000000000000094                init
                0x00000000000000b2                uart_init
                0x00000000000000cc                deinit
                0x00000000000000e4                wait
                0x000000000000010e                toggle_LED
                0x0000000000000116                uart_send
                0x000000000000011c                read_button
                0x0000000000000124                sw_reset
 .text          0x0000000000000130       0x12 main.o
                0x0000000000000130                uart_received
 .text          0x0000000000000142       0xa2 flash.o
                0x0000000000000142                flash
 .text          0x00000000000001e4        0x0 /home/sylam/.platformio/packages/toolchain-atmelavr/bin/../lib/gcc/avr/7.3.0/avrxmega3/short-calls/libgcc.a(_copy_data.o)
 .text          0x00000000000001e4        0x0 /home/sylam/.platformio/packages/toolchain-atmelavr/bin/../lib/gcc/avr/7.3.0/avrxmega3/short-calls/libgcc.a(_clear_bss.o)
                0x00000000000001e4                . = ALIGN (0x2)
 *(.text.*)
 .text.libgcc.mul
                0x00000000000001e4        0x0 /home/sylam/.platformio/packages/toolchain-atmelavr/bin/../lib/gcc/avr/7.3.0/avrxmega3/short-calls/libgcc.a(_copy_data.o)
 .text.libgcc.div
                0x00000000000001e4        0x0 /home/sylam/.platformio/packages/toolchain-atmelavr/bin/../lib/gcc/avr/7.3.0/avrxmega3/short-calls/libgcc.a(_copy_data.o)
 .text.libgcc   0x00000000000001e4        0x0 /home/sylam/.platformio/packages/toolchain-atmelavr/bin/../lib/gcc/avr/7.3.0/avrxmega3/short-calls/libgcc.a(_copy_data.o)
 .text.libgcc.prologue
                0x00000000000001e4        0x0 /home/sylam/.platformio/packages/toolchain-atmelavr/bin/../lib/gcc/avr/7.3.0/avrxmega3/short-calls/libgcc.a(_copy_data.o)
 .text.libgcc.builtins
                0x00000000000001e4        0x0 /home/sylam/.platformio/packages/toolchain-atmelavr/bin/../lib/gcc/avr/7.3.0/avrxmega3/short-calls/libgcc.a(_copy_data.o)
 .text.libgcc.fmul
                0x00000000000001e4        0x0 /home/sylam/.platformio/packages/toolchain-atmelavr/bin/../lib/gcc/avr/7.3.0/avrxmega3/short-calls/libgcc.a(_copy_data.o)
 .text.libgcc.fixed
                0x00000000000001e4        0x0 /home/sylam/.platformio/packages/toolchain-atmelavr/bin/../lib/gcc/avr/7.3.0/avrxmega3/short-calls/libgcc.a(_copy_data.o)
 .text.libgcc.mul
                0x00000000000001e4        0x0 /home/sylam/.platformio/packages/toolchain-atmelavr/bin/../lib/gcc/avr/7.3.0/avrxmega3/short-calls/libgcc.a(_clear_bss.o)
 .text.libgcc.div
                0x00000000000001e4        0x0 /home/sylam/.platformio/packages/toolchain-atmelavr/bin/../lib/gcc/avr/7.3.0/avrxmega3/short-calls/libgcc.a(_clear_bss.o)
 .text.libgcc   0x00000000000001e4        0x0 /home/sylam/.platformio/packages/toolchain-atmelavr/bin/../lib/gcc/avr/7.3.0/avrxmega3/short-calls/libgcc.a(_clear_bss.o)
 .text.libgcc.prologue
                0x00000000000001e4        0x0 /home/sylam/.platformio/packages/toolchain-atmelavr/bin/../lib/gcc/avr/7.3.0/avrxmega3/short-calls/libgcc.a(_clear_bss.o)
 .text.libgcc.builtins
                0x00000000000001e4        0x0 /home/sylam/.platformio/packages/toolchain-atmelavr/bin/../lib/gcc/avr/7.3.0/avrxmega3/short-calls/libgcc.a(_clear_bss.o)
 .text.libgcc.fmul
                0x00000000000001e4        0x0 /home/sylam/.platformio/packages/toolchain-atmelavr/bin/../lib/gcc/avr/7.3.0/avrxmega3/short-calls/libgcc.a(_clear_bss.o)
 .text.libgcc.fixed
                0x00000000000001e4        0x0 /home/sylam/.platformio/packages/toolchain-atmelavr/bin/../lib/gcc/avr/7.3.0/avrxmega3/short-calls/libgcc.a(_clear_bss.o)
                0x00000000000001e4                . = ALIGN (0x2)
 *(.fini9)
 *(.fini9)
 *(.fini8)
 *(.fini8)
 *(.fini7)
 *(.fini7)
 *(.fini6)
 *(.fini6)
 *(.fini5)
 *(.fini5)
 *(.fini4)
 *(.fini4)
 *(.fini3)
 *(.fini3)
 *(.fini2)
 *(.fini2)
 *(.fini1)
 *(.fini1)
 *(.fini0)
 *(.fini0)
                0x00000000000001e4                _etext = .

.rodata
 *(.rodata)
 *(.rodata*)
 *(.gnu.linkonce.r*)

.data           0x0000000000803f00        0x2 load address 0x00000000000001e4
                0x0000000000803f00                PROVIDE (__data_start, .)
 *(.data)
 .data          0x0000000000803f00        0x0 os.o
 .data          0x0000000000803f00        0x0 main.o
 .data          0x0000000000803f00        0x1 flash.o
 .data          0x0000000000803f01        0x0 /home/sylam/.platformio/packages/toolchain-atmelavr/bin/../lib/gcc/avr/7.3.0/avrxmega3/short-calls/libgcc.a(_copy_data.o)
 .data          0x0000000000803f01        0x0 /home/sylam/.platformio/packages/toolchain-atmelavr/bin/../lib/gcc/avr/7.3.0/avrxmega3/short-calls/libgcc.a(_clear_bss.o)
 *(.data*)
 *(.gnu.linkonce.d*)
                0x0000000000803f02                . = ALIGN (0x2)
 *fill*         0x0000000000803f01        0x1 
                0x0000000000803f02                _edata = .
                0x0000000000803f02                PROVIDE (__data_end, .)

.bss            0x0000000000803f02        0x8
                0x0000000000803f02                PROVIDE (__bss_start, .)
 *(.bss)
 .bss           0x0000000000803f02        0x1 os.o
 .bss           0x0000000000803f03        0x1 main.o
 .bss           0x0000000000803f04        0x6 flash.o
 .bss           0x0000000000803f0a        0x0 /home/sylam/.platformio/packages/toolchain-atmelavr/bin/../lib/gcc/avr/7.3.0/avrxmega3/short-calls/libgcc.a(_copy_data.o)
 .bss           0x0000000000803f0a        0x0 /home/sylam/.platformio/packages/toolchain-atmelavr/bin/../lib/gcc/avr/7.3.0/avrxmega3/short-calls/libgcc.a(_clear_bss.o)
 *(.bss*)
 *(COMMON)
                0x0000000000803f0a                PROVIDE (__bss_end, .)
                0x00000000000001e4                __data_load_start = LOADADDR (.data)
                0x00000000000001e6                __data_load_end = (__data_load_start + SIZEOF (.data))

.noinit         0x0000000000803f0a        0x0
                [!provide]                        PROVIDE (__noinit_start, .)
 *(.noinit*)
                [!provide]                        PROVIDE (__noinit_end, .)
                0x0000000000803f0a                _end = .
                [!provide]                        PROVIDE (__heap_start, .)

.eeprom         0x0000000000810000        0x0
 *(.eeprom*)
                0x0000000000810000                __eeprom_end = .

.fuse
 *(.fuse)
 *(.lfuse)
 *(.hfuse)
 *(.efuse)

.lock
 *(.lock*)

.signature
 *(.signature*)

.user_signatures
 *(.user_signatures*)

.stab
 *(.stab)

.stabstr
 *(.stabstr)

.stab.excl
 *(.stab.excl)

.stab.exclstr
 *(.stab.exclstr)

.stab.index
 *(.stab.index)

.stab.indexstr
 *(.stab.indexstr)

.comment        0x0000000000000000       0x11
 *(.comment)
 .comment       0x0000000000000000       0x11 os.o
                                         0x12 (size before relaxing)
 .comment       0x0000000000000011       0x12 main.o
 .comment       0x0000000000000011       0x12 flash.o

.note.gnu.build-id
 *(.note.gnu.build-id)

.debug
 *(.debug)

.line
 *(.line)

.debug_srcinfo
 *(.debug_srcinfo)

.debug_sfnames
 *(.debug_sfnames)

.debug_aranges  0x0000000000000000       0x40
 *(.debug_aranges)
 .debug_aranges
                0x0000000000000000       0x20 /home/sylam/.platformio/packages/toolchain-atmelavr/bin/../lib/gcc/avr/7.3.0/avrxmega3/short-calls/libgcc.a(_copy_data.o)
 .debug_aranges
                0x0000000000000020       0x20 /home/sylam/.platformio/packages/toolchain-atmelavr/bin/../lib/gcc/avr/7.3.0/avrxmega3/short-calls/libgcc.a(_clear_bss.o)

.debug_pubnames
 *(.debug_pubnames)

.debug_info     0x0000000000000000      0x154
 *(.debug_info .gnu.linkonce.wi.*)
 .debug_info    0x0000000000000000       0xaa /home/sylam/.platformio/packages/toolchain-atmelavr/bin/../lib/gcc/avr/7.3.0/avrxmega3/short-calls/libgcc.a(_copy_data.o)
 .debug_info    0x00000000000000aa       0xaa /home/sylam/.platformio/packages/toolchain-atmelavr/bin/../lib/gcc/avr/7.3.0/avrxmega3/short-calls/libgcc.a(_clear_bss.o)

.debug_abbrev   0x0000000000000000       0x28
 *(.debug_abbrev)
 .debug_abbrev  0x0000000000000000       0x14 /home/sylam/.platformio/packages/toolchain-atmelavr/bin/../lib/gcc/avr/7.3.0/avrxmega3/short-calls/libgcc.a(_copy_data.o)
 .debug_abbrev  0x0000000000000014       0x14 /home/sylam/.platformio/packages/toolchain-atmelavr/bin/../lib/gcc/avr/7.3.0/avrxmega3/short-calls/libgcc.a(_clear_bss.o)

.debug_line     0x0000000000000000      0x124
 *(.debug_line .debug_line.* .debug_line_end)
 .debug_line    0x0000000000000000       0x9b /home/sylam/.platformio/packages/toolchain-atmelavr/bin/../lib/gcc/avr/7.3.0/avrxmega3/short-calls/libgcc.a(_copy_data.o)
 .debug_line    0x000000000000009b       0x89 /home/sylam/.platformio/packages/toolchain-atmelavr/bin/../lib/gcc/avr/7.3.0/avrxmega3/short-calls/libgcc.a(_clear_bss.o)

.debug_frame
 *(.debug_frame)

.debug_str
 *(.debug_str)

.debug_loc
 *(.debug_loc)

.debug_macinfo
 *(.debug_macinfo)

.debug_weaknames
 *(.debug_weaknames)

.debug_funcnames
 *(.debug_funcnames)

.debug_typenames
 *(.debug_typenames)

.debug_varnames
 *(.debug_varnames)

.debug_pubtypes
 *(.debug_pubtypes)

.debug_ranges
 *(.debug_ranges)

.debug_macro
 *(.debug_macro)
OUTPUT(out.elf elf32-avr)
LOAD linker stubs
